// Jest Snapshot v1, https://goo.gl/fbAQLP

exports[`renders without crashing 1`] = `
<View
  style={
    Object {
      "flex": 1,
    }
  }
>
  <RCTScrollView
    contentContainerStyle={
      Object {
        "alignItems": "flex-start",
        "justifyContent": "space-between",
        "paddingBottom": 20,
        "paddingHorizontal": 10,
        "paddingTop": 5,
      }
    }
    style={
      Object {
        "flexShrink": 1,
      }
    }
  >
    <View>
      <Modal
        animationType="fade"
        hardwareAccelerated={false}
        onRequestClose={[Function]}
        transparent={true}
        visible={false}
      >
        <View
          style={
            Object {
              "alignItems": "center",
              "flex": 1,
              "justifyContent": "center",
            }
          }
        >
          <View
            style={
              Object {
                "alignItems": "center",
                "backgroundColor": "#000",
                "flex": 1,
                "height": "100%",
                "justifyContent": "center",
                "opacity": 0.8,
                "position": "absolute",
                "width": "100%",
                "zIndex": 1,
              }
            }
          />
          <View
            style={
              Object {
                "backgroundColor": "#FFF",
                "borderRadius": 10,
                "justifyContent": "center",
                "paddingHorizontal": 5,
                "paddingVertical": 10,
                "position": "absolute",
                "width": "80%",
                "zIndex": 2,
              }
            }
          >
            <Text
              accessible={true}
              allowFontScaling={true}
              ellipsizeMode="tail"
              style={
                Object {
                  "alignSelf": "center",
                  "fontSize": 18,
                  "fontWeight": "bold",
                  "marginBottom": 5,
                }
              }
            />
            <Text
              accessible={true}
              allowFontScaling={true}
              ellipsizeMode="tail"
              style={
                Object {
                  "fontSize": 14,
                  "marginBottom": 5,
                }
              }
            />
            <Text
              accessible={true}
              allowFontScaling={true}
              ellipsizeMode="tail"
              style={
                Object {
                  "fontSize": 14,
                }
              }
            />
            <View
              accessibilityComponentType={undefined}
              accessibilityLabel={undefined}
              accessibilityTraits={undefined}
              accessible={true}
              collapsable={undefined}
              hasTVPreferredFocus={undefined}
              hitSlop={undefined}
              isTVSelectable={true}
              nativeID={undefined}
              onLayout={undefined}
              onResponderGrant={[Function]}
              onResponderMove={[Function]}
              onResponderRelease={[Function]}
              onResponderTerminate={[Function]}
              onResponderTerminationRequest={[Function]}
              onStartShouldSetResponder={[Function]}
              style={
                Object {
                  "alignItems": "center",
                  "alignSelf": "center",
                  "backgroundColor": "#5C86F5",
                  "borderRadius": 2,
                  "elevation": 4,
                  "marginTop": 10,
                  "minWidth": "30%",
                  "opacity": 1,
                  "paddingVertical": 4,
                }
              }
              testID={undefined}
              tvParallaxProperties={undefined}
            >
              <Text
                accessible={true}
                allowFontScaling={true}
                ellipsizeMode="tail"
                style={
                  Object {
                    "color": "#FFF",
                    "fontSize": 16,
                    "fontWeight": "bold",
                    "marginHorizontal": 5,
                  }
                }
              >
                OK
              </Text>
            </View>
          </View>
        </View>
      </Modal>
      <View
        style={
          Object {
            "alignItems": "center",
            "marginBottom": 5,
            "width": "100%",
          }
        }
      >
        <Text
          accessible={true}
          allowFontScaling={true}
          ellipsizeMode="tail"
          style={
            Object {
              "color": "#14567A",
              "fontSize": 20,
              "fontWeight": "bold",
              "textAlign": "center",
            }
          }
        >
          Consumo e
        </Text>
        <Text
          accessible={true}
          allowFontScaling={true}
          ellipsizeMode="tail"
          style={
            Object {
              "color": "#14567A",
              "fontSize": 20,
              "fontWeight": "bold",
              "textAlign": "center",
            }
          }
        >
          Amplicação do Patrimônio
        </Text>
      </View>
      <View
        style={
          Object {
            "marginTop": 15,
          }
        }
      />
      <View
        style={
          Object {
            "alignItems": "flex-start",
            "flexDirection": "column",
            "justifyContent": "space-between",
            "marginBottom": 8,
            "width": "100%",
          }
        }
      >
        <View
          style={
            Object {
              "alignItems": "center",
              "flexDirection": "row",
              "justifyContent": "space-between",
              "width": "100%",
            }
          }
        >
          <View
            style={
              Object {
                "alignContent": "center",
                "alignItems": "center",
                "backgroundColor": "#48AEB5",
                "borderRadius": 13,
                "height": 40,
                "justifyContent": "center",
                "width": 40,
              }
            }
          >
            <Image
              source={
                Object {
                  "testUri": "../../../src/imgs/ic_home_white.png",
                }
              }
              style={
                Object {
                  "height": 35,
                  "width": 35,
                }
              }
            />
          </View>
          <View
            style={
              Object {
                "alignItems": "center",
                "flexDirection": "row",
                "flexShrink": 1,
                "justifyContent": "space-between",
                "paddingLeft": 10,
              }
            }
          >
            <View
              style={
                Object {
                  "alignItems": "flex-start",
                  "flexDirection": "column",
                  "justifyContent": "space-between",
                  "marginBottom": 8,
                  "width": "100%",
                }
              }
            >
              <View
                style={
                  Object {
                    "alignItems": "center",
                    "flexDirection": "row",
                    "justifyContent": "space-between",
                    "width": "100%",
                  }
                }
              >
                <View
                  style={
                    Object {
                      "width": "70%",
                    }
                  }
                >
                  <Text
                    accessible={true}
                    allowFontScaling={true}
                    ellipsizeMode="tail"
                    style={
                      Object {
                        "color": "#666",
                      }
                    }
                  >
                    Imóvel para investimento:
                  </Text>
                </View>
                <View
                  style={
                    Object {
                      "width": "30%",
                    }
                  }
                >
                  <Text
                    accessible={true}
                    allowFontScaling={true}
                    ellipsizeMode="tail"
                    style={
                      Object {
                        "alignSelf": "center",
                        "textAlign": "center",
                        "textAlignVertical": "center",
                      }
                    }
                  >
                    R$ 0
                  </Text>
                </View>
              </View>
              <View
                style={
                  Object {
                    "alignItems": "center",
                    "flexDirection": "row",
                    "justifyContent": "space-between",
                    "width": "100%",
                  }
                }
              >
                <View
                  style={
                    Object {
                      "width": "70%",
                    }
                  }
                >
                  <View
                    style={
                      Object {
                        "alignItems": "center",
                        "flexDirection": "row",
                        "justifyContent": "space-between",
                        "width": "100%",
                      }
                    }
                  >
                    <View
                      style={
                        Object {
                          "width": "50%",
                        }
                      }
                    >
                      <Text
                        accessible={true}
                        allowFontScaling={true}
                        ellipsizeMode="tail"
                        style={
                          Object {
                            "color": "#666",
                          }
                        }
                      >
                        Prazo:
                      </Text>
                      <View
                        style={
                          Object {
                            "borderColor": "#C1C1C1",
                            "borderRadius": 5,
                            "borderWidth": 1,
                            "width": "90%",
                          }
                        }
                      >
                        <View
                          style={
                            Object {
                              "borderColor": "#5E5E5E",
                              "borderWidth": 1,
                              "height": 38,
                              "width": "100%",
                            }
                          }
                        >
                          <RCTPicker
                            items={
                              Array [
                                Object {
                                  "label": "2",
                                  "textColor": undefined,
                                  "value": 2,
                                },
                                Object {
                                  "label": "4",
                                  "textColor": undefined,
                                  "value": 4,
                                },
                                Object {
                                  "label": "6",
                                  "textColor": undefined,
                                  "value": 6,
                                },
                                Object {
                                  "label": "8",
                                  "textColor": undefined,
                                  "value": 8,
                                },
                                Object {
                                  "label": "10",
                                  "textColor": undefined,
                                  "value": 10,
                                },
                                Object {
                                  "label": "12",
                                  "textColor": undefined,
                                  "value": 12,
                                },
                                Object {
                                  "label": "14",
                                  "textColor": undefined,
                                  "value": 14,
                                },
                                Object {
                                  "label": "16",
                                  "textColor": undefined,
                                  "value": 16,
                                },
                                Object {
                                  "label": "18",
                                  "textColor": undefined,
                                  "value": 18,
                                },
                                Object {
                                  "label": "20",
                                  "textColor": undefined,
                                  "value": 20,
                                },
                              ]
                            }
                            onChange={[Function]}
                            onResponderTerminationRequest={[Function]}
                            onStartShouldSetResponder={[Function]}
                            selectedIndex={0}
                            style={
                              Array [
                                Object {
                                  "height": 216,
                                },
                                Object {
                                  "color": "#5E5E5E",
                                },
                              ]
                            }
                          />
                        </View>
                      </View>
                    </View>
                    <View
                      style={
                        Object {
                          "width": "50%",
                        }
                      }
                    >
                      <Text
                        accessible={true}
                        allowFontScaling={true}
                        ellipsizeMode="tail"
                        style={
                          Object {
                            "color": "#666",
                          }
                        }
                      >
                        % da renda:
                      </Text>
                      <View
                        style={
                          Object {
                            "borderColor": "#C1C1C1",
                            "borderRadius": 5,
                            "borderWidth": 1,
                            "width": "90%",
                          }
                        }
                      >
                        <View
                          style={
                            Object {
                              "borderColor": "#5E5E5E",
                              "borderWidth": 1,
                              "height": 38,
                              "width": "100%",
                            }
                          }
                        >
                          <RCTPicker
                            items={
                              Array [
                                Object {
                                  "label": "1",
                                  "textColor": undefined,
                                  "value": 0.01,
                                },
                                Object {
                                  "label": "2",
                                  "textColor": undefined,
                                  "value": 0.02,
                                },
                                Object {
                                  "label": "3",
                                  "textColor": undefined,
                                  "value": 0.03,
                                },
                                Object {
                                  "label": "4",
                                  "textColor": undefined,
                                  "value": 0.04,
                                },
                                Object {
                                  "label": "5",
                                  "textColor": undefined,
                                  "value": 0.05,
                                },
                                Object {
                                  "label": "6",
                                  "textColor": undefined,
                                  "value": 0.06,
                                },
                                Object {
                                  "label": "7",
                                  "textColor": undefined,
                                  "value": 0.07,
                                },
                                Object {
                                  "label": "8",
                                  "textColor": undefined,
                                  "value": 0.08,
                                },
                                Object {
                                  "label": "9",
                                  "textColor": undefined,
                                  "value": 0.09,
                                },
                                Object {
                                  "label": "10",
                                  "textColor": undefined,
                                  "value": 0.1,
                                },
                              ]
                            }
                            onChange={[Function]}
                            onResponderTerminationRequest={[Function]}
                            onStartShouldSetResponder={[Function]}
                            selectedIndex={0}
                            style={
                              Array [
                                Object {
                                  "height": 216,
                                },
                                Object {
                                  "color": "#5E5E5E",
                                },
                              ]
                            }
                          />
                        </View>
                      </View>
                    </View>
                  </View>
                </View>
                <View
                  style={
                    Object {
                      "width": "30%",
                    }
                  }
                >
                  <Text
                    accessible={true}
                    allowFontScaling={true}
                    ellipsizeMode="tail"
                    style={
                      Object {
                        "alignSelf": "center",
                        "textAlign": "center",
                        "textAlignVertical": "center",
                      }
                    }
                  >
                    R$ 0
                  </Text>
                </View>
              </View>
            </View>
          </View>
        </View>
      </View>
      <View
        style={
          Object {
            "marginTop": 15,
          }
        }
      />
      <View
        style={
          Object {
            "borderBottomColor": "#14567A",
            "borderBottomWidth": 1,
            "width": "100%",
          }
        }
      />
      <View
        style={
          Object {
            "marginTop": 15,
          }
        }
      />
      <View
        style={
          Object {
            "alignItems": "flex-start",
            "flexDirection": "column",
            "justifyContent": "space-between",
            "marginBottom": 8,
            "width": "100%",
          }
        }
      >
        <View
          style={
            Object {
              "alignItems": "center",
              "flexDirection": "row",
              "justifyContent": "space-between",
              "width": "100%",
            }
          }
        >
          <View
            style={
              Object {
                "alignContent": "center",
                "alignItems": "center",
                "backgroundColor": "#48AEB5",
                "borderRadius": 13,
                "height": 40,
                "justifyContent": "center",
                "width": 40,
              }
            }
          >
            <Image
              source={
                Object {
                  "testUri": "../../../src/imgs/ic_car_white.png",
                }
              }
              style={
                Object {
                  "height": 35,
                  "width": 35,
                }
              }
            />
          </View>
          <View
            style={
              Object {
                "alignItems": "center",
                "flexDirection": "row",
                "flexShrink": 1,
                "justifyContent": "space-between",
                "paddingLeft": 10,
              }
            }
          >
            <View
              style={
                Object {
                  "alignItems": "flex-start",
                  "flexDirection": "column",
                  "justifyContent": "space-between",
                  "marginBottom": 8,
                  "width": "100%",
                }
              }
            >
              <View
                style={
                  Object {
                    "alignItems": "center",
                    "flexDirection": "row",
                    "justifyContent": "space-between",
                    "width": "100%",
                  }
                }
              >
                <View
                  style={
                    Object {
                      "width": "70%",
                    }
                  }
                >
                  <Text
                    accessible={true}
                    allowFontScaling={true}
                    ellipsizeMode="tail"
                    style={
                      Object {
                        "color": "#666",
                      }
                    }
                  >
                    Carro novo ou troca:
                  </Text>
                </View>
                <View
                  style={
                    Object {
                      "width": "30%",
                    }
                  }
                >
                  <Text
                    accessible={true}
                    allowFontScaling={true}
                    ellipsizeMode="tail"
                    style={
                      Object {
                        "alignSelf": "center",
                        "textAlign": "center",
                        "textAlignVertical": "center",
                      }
                    }
                  >
                    R$ 0
                  </Text>
                </View>
              </View>
              <View
                style={
                  Object {
                    "alignItems": "center",
                    "flexDirection": "row",
                    "justifyContent": "space-between",
                    "width": "100%",
                  }
                }
              >
                <View
                  style={
                    Object {
                      "width": "70%",
                    }
                  }
                >
                  <View
                    style={
                      Object {
                        "alignItems": "center",
                        "flexDirection": "row",
                        "justifyContent": "space-between",
                        "width": "100%",
                      }
                    }
                  >
                    <View
                      style={
                        Object {
                          "width": "50%",
                        }
                      }
                    >
                      <Text
                        accessible={true}
                        allowFontScaling={true}
                        ellipsizeMode="tail"
                        style={
                          Object {
                            "color": "#666",
                          }
                        }
                      >
                        Prazo:
                      </Text>
                      <View
                        style={
                          Object {
                            "borderColor": "#C1C1C1",
                            "borderRadius": 5,
                            "borderWidth": 1,
                            "width": "90%",
                          }
                        }
                      >
                        <View
                          style={
                            Object {
                              "borderColor": "#5E5E5E",
                              "borderWidth": 1,
                              "height": 38,
                              "width": "100%",
                            }
                          }
                        >
                          <RCTPicker
                            items={
                              Array [
                                Object {
                                  "label": "1",
                                  "textColor": undefined,
                                  "value": 1,
                                },
                                Object {
                                  "label": "2",
                                  "textColor": undefined,
                                  "value": 2,
                                },
                                Object {
                                  "label": "3",
                                  "textColor": undefined,
                                  "value": 3,
                                },
                                Object {
                                  "label": "4",
                                  "textColor": undefined,
                                  "value": 4,
                                },
                                Object {
                                  "label": "5",
                                  "textColor": undefined,
                                  "value": 5,
                                },
                                Object {
                                  "label": "6",
                                  "textColor": undefined,
                                  "value": 6,
                                },
                                Object {
                                  "label": "7",
                                  "textColor": undefined,
                                  "value": 7,
                                },
                              ]
                            }
                            onChange={[Function]}
                            onResponderTerminationRequest={[Function]}
                            onStartShouldSetResponder={[Function]}
                            selectedIndex={0}
                            style={
                              Array [
                                Object {
                                  "height": 216,
                                },
                                Object {
                                  "color": "#5E5E5E",
                                },
                              ]
                            }
                          />
                        </View>
                      </View>
                    </View>
                    <View
                      style={
                        Object {
                          "width": "50%",
                        }
                      }
                    >
                      <Text
                        accessible={true}
                        allowFontScaling={true}
                        ellipsizeMode="tail"
                        style={
                          Object {
                            "color": "#666",
                          }
                        }
                      >
                        % da renda:
                      </Text>
                      <View
                        style={
                          Object {
                            "borderColor": "#C1C1C1",
                            "borderRadius": 5,
                            "borderWidth": 1,
                            "width": "90%",
                          }
                        }
                      >
                        <View
                          style={
                            Object {
                              "borderColor": "#5E5E5E",
                              "borderWidth": 1,
                              "height": 38,
                              "width": "100%",
                            }
                          }
                        >
                          <RCTPicker
                            items={
                              Array [
                                Object {
                                  "label": "1",
                                  "textColor": undefined,
                                  "value": 0.01,
                                },
                                Object {
                                  "label": "2",
                                  "textColor": undefined,
                                  "value": 0.02,
                                },
                                Object {
                                  "label": "3",
                                  "textColor": undefined,
                                  "value": 0.03,
                                },
                                Object {
                                  "label": "4",
                                  "textColor": undefined,
                                  "value": 0.04,
                                },
                                Object {
                                  "label": "5",
                                  "textColor": undefined,
                                  "value": 0.05,
                                },
                                Object {
                                  "label": "6",
                                  "textColor": undefined,
                                  "value": 0.06,
                                },
                                Object {
                                  "label": "7",
                                  "textColor": undefined,
                                  "value": 0.07,
                                },
                                Object {
                                  "label": "8",
                                  "textColor": undefined,
                                  "value": 0.08,
                                },
                                Object {
                                  "label": "9",
                                  "textColor": undefined,
                                  "value": 0.09,
                                },
                                Object {
                                  "label": "10",
                                  "textColor": undefined,
                                  "value": 0.1,
                                },
                              ]
                            }
                            onChange={[Function]}
                            onResponderTerminationRequest={[Function]}
                            onStartShouldSetResponder={[Function]}
                            selectedIndex={0}
                            style={
                              Array [
                                Object {
                                  "height": 216,
                                },
                                Object {
                                  "color": "#5E5E5E",
                                },
                              ]
                            }
                          />
                        </View>
                      </View>
                    </View>
                  </View>
                </View>
                <View
                  style={
                    Object {
                      "width": "30%",
                    }
                  }
                >
                  <Text
                    accessible={true}
                    allowFontScaling={true}
                    ellipsizeMode="tail"
                    style={
                      Object {
                        "alignSelf": "center",
                        "textAlign": "center",
                        "textAlignVertical": "center",
                      }
                    }
                  >
                    R$ 0
                  </Text>
                </View>
              </View>
            </View>
          </View>
        </View>
      </View>
      <View
        style={
          Object {
            "marginTop": 15,
          }
        }
      />
      <View
        style={
          Object {
            "borderBottomColor": "#14567A",
            "borderBottomWidth": 1,
            "width": "100%",
          }
        }
      />
      <View
        style={
          Object {
            "marginTop": 15,
          }
        }
      />
      <View
        style={
          Object {
            "alignItems": "center",
            "flexDirection": "column",
            "justifyContent": "center",
            "width": "100%",
          }
        }
      >
        <Text
          accessible={true}
          allowFontScaling={true}
          ellipsizeMode="tail"
          style={
            Object {
              "color": "#666",
              "fontSize": 16,
              "fontWeight": "bold",
            }
          }
        >
          Resumo
        </Text>
      </View>
      <View
        style={
          Object {
            "alignItems": "center",
            "flexDirection": "row",
            "justifyContent": "space-between",
            "width": "100%",
          }
        }
      >
        <View
          style={
            Object {
              "width": "50%",
            }
          }
        >
          <Text
            accessible={true}
            allowFontScaling={true}
            ellipsizeMode="tail"
            style={
              Array [
                Object {
                  "alignSelf": "center",
                  "textAlign": "center",
                  "textAlignVertical": "center",
                },
                Object {
                  "color": "#666",
                },
                Object {
                  "fontWeight": "bold",
                  "height": 35,
                },
              ]
            }
          >
            Valor mensal:
          </Text>
        </View>
        <View
          style={
            Object {
              "width": "50%",
            }
          }
        >
          <Text
            accessible={true}
            allowFontScaling={true}
            ellipsizeMode="tail"
            style={
              Array [
                Object {
                  "alignSelf": "center",
                  "textAlign": "center",
                  "textAlignVertical": "center",
                  "width": "100%",
                },
                Object {
                  "fontWeight": "bold",
                  "height": 35,
                },
              ]
            }
          >
            R$ 0
          </Text>
        </View>
      </View>
      <View
        style={
          Object {
            "alignItems": "center",
            "flexDirection": "row",
            "justifyContent": "space-between",
            "width": "100%",
          }
        }
      >
        <View
          style={
            Object {
              "width": "50%",
            }
          }
        >
          <Text
            accessible={true}
            allowFontScaling={true}
            ellipsizeMode="tail"
            style={
              Array [
                Object {
                  "alignSelf": "center",
                  "textAlign": "center",
                  "textAlignVertical": "center",
                },
                Object {
                  "color": "#666",
                },
                Object {
                  "fontWeight": "bold",
                  "height": 35,
                },
              ]
            }
          >
            Patrimônio a ser gerado:
          </Text>
        </View>
        <View
          style={
            Object {
              "width": "50%",
            }
          }
        >
          <Text
            accessible={true}
            allowFontScaling={true}
            ellipsizeMode="tail"
            style={
              Array [
                Object {
                  "alignSelf": "center",
                  "textAlign": "center",
                  "textAlignVertical": "center",
                  "width": "100%",
                },
                Object {
                  "fontWeight": "bold",
                  "height": 35,
                },
              ]
            }
          >
            R$ 0
          </Text>
        </View>
      </View>
      <View
        style={
          Object {
            "marginTop": 15,
          }
        }
      />
      <View
        style={
          Object {
            "borderBottomColor": "#14567A",
            "borderBottomWidth": 1,
            "width": "100%",
          }
        }
      />
    </View>
  </RCTScrollView>
  <View
    style={
      Object {
        "alignItems": "center",
        "borderTopColor": "#D0D0D0",
        "borderTopWidth": 1,
        "flexDirection": "row",
        "height": 60,
        "marginTop": 0,
        "width": "100%",
      }
    }
  >
    <View
      style={
        Object {
          "alignItems": "center",
          "flex": 6,
          "flexDirection": "row",
          "paddingHorizontal": 8,
        }
      }
    >
      <View
        style={
          Object {
            "alignItems": "center",
            "flex": 7,
          }
        }
      >
        <Text
          accessible={true}
          allowFontScaling={true}
          ellipsizeMode="tail"
          style={
            Object {
              "color": "#666",
              "fontWeight": "bold",
              "textAlign": "center",
            }
          }
        >
          Comprometimento de renda atual:
        </Text>
      </View>
      <View
        style={
          Object {
            "alignItems": "center",
            "flex": 3,
          }
        }
      >
        <Text
          accessible={true}
          allowFontScaling={true}
          ellipsizeMode="tail"
          style={
            Object {
              "color": "#666",
              "fontWeight": "bold",
              "textAlign": "center",
            }
          }
        >
          0
          %
        </Text>
      </View>
    </View>
    <View
      style={
        Object {
          "alignItems": "center",
          "flex": 4,
        }
      }
    >
      <View
        accessibilityComponentType={undefined}
        accessibilityLabel={undefined}
        accessibilityTraits={undefined}
        accessible={true}
        collapsable={undefined}
        hasTVPreferredFocus={undefined}
        hitSlop={undefined}
        isTVSelectable={true}
        nativeID={undefined}
        onLayout={undefined}
        onResponderGrant={[Function]}
        onResponderMove={[Function]}
        onResponderRelease={[Function]}
        onResponderTerminate={[Function]}
        onResponderTerminationRequest={[Function]}
        onStartShouldSetResponder={[Function]}
        style={
          Object {
            "alignItems": "center",
            "backgroundColor": "#5C86F5",
            "borderRadius": 2,
            "elevation": 4,
            "height": 35,
            "justifyContent": "center",
            "maxWidth": "90%",
            "minWidth": "80%",
            "opacity": 1,
            "paddingVertical": 4,
          }
        }
        testID={undefined}
        tvParallaxProperties={undefined}
      >
        <Text
          accessible={true}
          allowFontScaling={true}
          ellipsizeMode="tail"
          style={
            Object {
              "color": "#FFF",
              "fontSize": 14,
              "fontWeight": "bold",
              "marginHorizontal": 5,
            }
          }
        >
          PRÓXIMA ETAPA
        </Text>
      </View>
    </View>
  </View>
</View>
`;
