// Jest Snapshot v1, https://goo.gl/fbAQLP

exports[`PatrimonioScreen renders correctly 1`] = `
ShallowWrapper {
  "length": 1,
  Symbol(enzyme.__root__): [Circular],
  Symbol(enzyme.__unrendered__): <PatrimonioScreen />,
  Symbol(enzyme.__renderer__): Object {
    "batchedUpdates": [Function],
    "getNode": [Function],
    "render": [Function],
    "simulateEvent": [Function],
    "unmount": [Function],
  },
  Symbol(enzyme.__node__): Object {
    "instance": null,
    "key": undefined,
    "nodeType": "class",
    "props": Object {
      "children": Array [
        <ScrollView
          contentContainerStyle={
            Object {
              "alignItems": "flex-start",
              "justifyContent": "space-between",
              "paddingBottom": 20,
              "paddingHorizontal": 10,
              "paddingTop": 5,
            }
          }
          style={
            Object {
              "flexShrink": 1,
            }
          }
        >
          <ModalErro
            fechar={[Function]}
            objErro={Object {}}
            visivel={false}
          />
          <View
            style={
              Object {
                "alignItems": "center",
                "marginBottom": 5,
                "width": "100%",
              }
            }
          >
            <Text
              accessible={true}
              allowFontScaling={true}
              ellipsizeMode="tail"
              style={
                Object {
                  "color": "#14567A",
                  "fontSize": 20,
                  "fontWeight": "bold",
                  "textAlign": "center",
                }
              }
            >
              Patrimônio
            </Text>
          </View>
          <SliderInvestimentos
            inicial={0}
            retorno={[Function]}
          />
          <SliderImoveis
            inicial={0}
            retorno={[Function]}
          />
          <SliderVeiculos
            inicial={0}
            retorno={[Function]}
          />
          <View
            style={
              Object {
                "marginTop": 15,
              }
            }
          />
          <View
            style={
              Object {
                "borderBottomColor": "#14567A",
                "borderBottomWidth": 1,
                "width": "100%",
              }
            }
          />
          <View
            style={
              Object {
                "marginTop": 15,
              }
            }
          />
          <View
            style={
              Object {
                "alignItems": "flex-start",
                "flexDirection": "column",
                "justifyContent": "space-between",
                "marginBottom": 8,
                "width": "100%",
              }
            }
          >
            <View
              style={
                Object {
                  "alignItems": "center",
                  "flexDirection": "row",
                  "justifyContent": "space-between",
                  "width": "100%",
                }
              }
            >
              <View
                style={
                  Object {
                    "width": "50%",
                  }
                }
              >
                <Text
                  accessible={true}
                  allowFontScaling={true}
                  ellipsizeMode="tail"
                  style={
                    Object {
                      "color": "#666",
                    }
                  }
                >
                  Patrimônio formado:
                </Text>
              </View>
              <View
                style={
                  Object {
                    "width": "50%",
                  }
                }
              >
                <Text
                  accessible={true}
                  allowFontScaling={true}
                  ellipsizeMode="tail"
                  style={
                    Object {
                      "alignSelf": "center",
                      "color": "green",
                      "textAlign": "center",
                    }
                  }
                >
                  R$ 0
                </Text>
              </View>
            </View>
            <View
              style={
                Array [
                  Object {
                    "alignItems": "center",
                    "flexDirection": "row",
                    "justifyContent": "space-between",
                    "width": "100%",
                  },
                  Object {
                    "marginTop": 15,
                  },
                ]
              }
            >
              <View
                style={
                  Object {
                    "width": "50%",
                  }
                }
              >
                <Text
                  accessible={true}
                  allowFontScaling={true}
                  ellipsizeMode="tail"
                  style={
                    Object {
                      "color": "#666",
                    }
                  }
                >
                  Patrimônio esperado:
                </Text>
              </View>
              <View
                style={
                  Object {
                    "width": "50%",
                  }
                }
              >
                <Text
                  accessible={true}
                  allowFontScaling={true}
                  ellipsizeMode="tail"
                  style={
                    Object {
                      "alignSelf": "center",
                      "textAlign": "center",
                    }
                  }
                >
                  R$ 0
                </Text>
              </View>
            </View>
            <View
              style={
                Array [
                  Object {
                    "alignItems": "center",
                    "flexDirection": "row",
                    "justifyContent": "space-between",
                    "width": "100%",
                  },
                  Object {
                    "marginTop": 15,
                  },
                ]
              }
            >
              <View
                style={
                  Object {
                    "width": "50%",
                  }
                }
              >
                <Text
                  accessible={true}
                  allowFontScaling={true}
                  ellipsizeMode="tail"
                  style={
                    Object {
                      "color": "#666",
                    }
                  }
                >
                  Resultado:
                </Text>
              </View>
              <View
                style={
                  Object {
                    "width": "50%",
                  }
                }
              >
                <Text
                  accessible={true}
                  allowFontScaling={true}
                  ellipsizeMode="tail"
                  style={
                    Object {
                      "alignSelf": "center",
                      "textAlign": "center",
                    }
                  }
                >
                  0,0
                  %
                </Text>
              </View>
            </View>
          </View>
          <View
            style={
              Object {
                "marginTop": 15,
              }
            }
          />
        </ScrollView>,
        <Unknown
          funcProxTela={[Function]}
          tela="Reserva"
          valor={0}
        />,
      ],
      "style": Object {
        "flex": 1,
      },
    },
    "ref": null,
    "rendered": Array [
      Object {
        "instance": null,
        "key": undefined,
        "nodeType": "class",
        "props": Object {
          "children": Array [
            <ModalErro
              fechar={[Function]}
              objErro={Object {}}
              visivel={false}
            />,
            <View
              style={
                Object {
                  "alignItems": "center",
                  "marginBottom": 5,
                  "width": "100%",
                }
              }
            >
              <Text
                accessible={true}
                allowFontScaling={true}
                ellipsizeMode="tail"
                style={
                  Object {
                    "color": "#14567A",
                    "fontSize": 20,
                    "fontWeight": "bold",
                    "textAlign": "center",
                  }
                }
              >
                Patrimônio
              </Text>
            </View>,
            <SliderInvestimentos
              inicial={0}
              retorno={[Function]}
            />,
            <SliderImoveis
              inicial={0}
              retorno={[Function]}
            />,
            <SliderVeiculos
              inicial={0}
              retorno={[Function]}
            />,
            <View
              style={
                Object {
                  "marginTop": 15,
                }
              }
            />,
            <View
              style={
                Object {
                  "borderBottomColor": "#14567A",
                  "borderBottomWidth": 1,
                  "width": "100%",
                }
              }
            />,
            <View
              style={
                Object {
                  "marginTop": 15,
                }
              }
            />,
            <View
              style={
                Object {
                  "alignItems": "flex-start",
                  "flexDirection": "column",
                  "justifyContent": "space-between",
                  "marginBottom": 8,
                  "width": "100%",
                }
              }
            >
              <View
                style={
                  Object {
                    "alignItems": "center",
                    "flexDirection": "row",
                    "justifyContent": "space-between",
                    "width": "100%",
                  }
                }
              >
                <View
                  style={
                    Object {
                      "width": "50%",
                    }
                  }
                >
                  <Text
                    accessible={true}
                    allowFontScaling={true}
                    ellipsizeMode="tail"
                    style={
                      Object {
                        "color": "#666",
                      }
                    }
                  >
                    Patrimônio formado:
                  </Text>
                </View>
                <View
                  style={
                    Object {
                      "width": "50%",
                    }
                  }
                >
                  <Text
                    accessible={true}
                    allowFontScaling={true}
                    ellipsizeMode="tail"
                    style={
                      Object {
                        "alignSelf": "center",
                        "color": "green",
                        "textAlign": "center",
                      }
                    }
                  >
                    R$ 0
                  </Text>
                </View>
              </View>
              <View
                style={
                  Array [
                    Object {
                      "alignItems": "center",
                      "flexDirection": "row",
                      "justifyContent": "space-between",
                      "width": "100%",
                    },
                    Object {
                      "marginTop": 15,
                    },
                  ]
                }
              >
                <View
                  style={
                    Object {
                      "width": "50%",
                    }
                  }
                >
                  <Text
                    accessible={true}
                    allowFontScaling={true}
                    ellipsizeMode="tail"
                    style={
                      Object {
                        "color": "#666",
                      }
                    }
                  >
                    Patrimônio esperado:
                  </Text>
                </View>
                <View
                  style={
                    Object {
                      "width": "50%",
                    }
                  }
                >
                  <Text
                    accessible={true}
                    allowFontScaling={true}
                    ellipsizeMode="tail"
                    style={
                      Object {
                        "alignSelf": "center",
                        "textAlign": "center",
                      }
                    }
                  >
                    R$ 0
                  </Text>
                </View>
              </View>
              <View
                style={
                  Array [
                    Object {
                      "alignItems": "center",
                      "flexDirection": "row",
                      "justifyContent": "space-between",
                      "width": "100%",
                    },
                    Object {
                      "marginTop": 15,
                    },
                  ]
                }
              >
                <View
                  style={
                    Object {
                      "width": "50%",
                    }
                  }
                >
                  <Text
                    accessible={true}
                    allowFontScaling={true}
                    ellipsizeMode="tail"
                    style={
                      Object {
                        "color": "#666",
                      }
                    }
                  >
                    Resultado:
                  </Text>
                </View>
                <View
                  style={
                    Object {
                      "width": "50%",
                    }
                  }
                >
                  <Text
                    accessible={true}
                    allowFontScaling={true}
                    ellipsizeMode="tail"
                    style={
                      Object {
                        "alignSelf": "center",
                        "textAlign": "center",
                      }
                    }
                  >
                    0,0
                    %
                  </Text>
                </View>
              </View>
            </View>,
            <View
              style={
                Object {
                  "marginTop": 15,
                }
              }
            />,
          ],
          "contentContainerStyle": Object {
            "alignItems": "flex-start",
            "justifyContent": "space-between",
            "paddingBottom": 20,
            "paddingHorizontal": 10,
            "paddingTop": 5,
          },
          "style": Object {
            "flexShrink": 1,
          },
        },
        "ref": null,
        "rendered": Array [
          Object {
            "instance": null,
            "key": undefined,
            "nodeType": "class",
            "props": Object {
              "fechar": [Function],
              "objErro": Object {},
              "visivel": false,
            },
            "ref": null,
            "rendered": null,
            "type": [Function],
          },
          Object {
            "instance": null,
            "key": undefined,
            "nodeType": "class",
            "props": Object {
              "children": <Text
                accessible={true}
                allowFontScaling={true}
                ellipsizeMode="tail"
                style={
                  Object {
                    "color": "#14567A",
                    "fontSize": 20,
                    "fontWeight": "bold",
                    "textAlign": "center",
                  }
                }
              >
                Patrimônio
              </Text>,
              "style": Object {
                "alignItems": "center",
                "marginBottom": 5,
                "width": "100%",
              },
            },
            "ref": null,
            "rendered": Object {
              "instance": null,
              "key": undefined,
              "nodeType": "class",
              "props": Object {
                "accessible": true,
                "allowFontScaling": true,
                "children": "Patrimônio",
                "ellipsizeMode": "tail",
                "style": Object {
                  "color": "#14567A",
                  "fontSize": 20,
                  "fontWeight": "bold",
                  "textAlign": "center",
                },
              },
              "ref": null,
              "rendered": "Patrimônio",
              "type": [Function],
            },
            "type": [Function],
          },
          Object {
            "instance": null,
            "key": undefined,
            "nodeType": "class",
            "props": Object {
              "inicial": 0,
              "retorno": [Function],
            },
            "ref": null,
            "rendered": null,
            "type": [Function],
          },
          Object {
            "instance": null,
            "key": undefined,
            "nodeType": "class",
            "props": Object {
              "inicial": 0,
              "retorno": [Function],
            },
            "ref": null,
            "rendered": null,
            "type": [Function],
          },
          Object {
            "instance": null,
            "key": undefined,
            "nodeType": "class",
            "props": Object {
              "inicial": 0,
              "retorno": [Function],
            },
            "ref": null,
            "rendered": null,
            "type": [Function],
          },
          Object {
            "instance": null,
            "key": undefined,
            "nodeType": "class",
            "props": Object {
              "style": Object {
                "marginTop": 15,
              },
            },
            "ref": null,
            "rendered": null,
            "type": [Function],
          },
          Object {
            "instance": null,
            "key": undefined,
            "nodeType": "class",
            "props": Object {
              "style": Object {
                "borderBottomColor": "#14567A",
                "borderBottomWidth": 1,
                "width": "100%",
              },
            },
            "ref": null,
            "rendered": null,
            "type": [Function],
          },
          Object {
            "instance": null,
            "key": undefined,
            "nodeType": "class",
            "props": Object {
              "style": Object {
                "marginTop": 15,
              },
            },
            "ref": null,
            "rendered": null,
            "type": [Function],
          },
          Object {
            "instance": null,
            "key": undefined,
            "nodeType": "class",
            "props": Object {
              "children": Array [
                <View
                  style={
                    Object {
                      "alignItems": "center",
                      "flexDirection": "row",
                      "justifyContent": "space-between",
                      "width": "100%",
                    }
                  }
                >
                  <View
                    style={
                      Object {
                        "width": "50%",
                      }
                    }
                  >
                    <Text
                      accessible={true}
                      allowFontScaling={true}
                      ellipsizeMode="tail"
                      style={
                        Object {
                          "color": "#666",
                        }
                      }
                    >
                      Patrimônio formado:
                    </Text>
                  </View>
                  <View
                    style={
                      Object {
                        "width": "50%",
                      }
                    }
                  >
                    <Text
                      accessible={true}
                      allowFontScaling={true}
                      ellipsizeMode="tail"
                      style={
                        Object {
                          "alignSelf": "center",
                          "color": "green",
                          "textAlign": "center",
                        }
                      }
                    >
                      R$ 0
                    </Text>
                  </View>
                </View>,
                <View
                  style={
                    Array [
                      Object {
                        "alignItems": "center",
                        "flexDirection": "row",
                        "justifyContent": "space-between",
                        "width": "100%",
                      },
                      Object {
                        "marginTop": 15,
                      },
                    ]
                  }
                >
                  <View
                    style={
                      Object {
                        "width": "50%",
                      }
                    }
                  >
                    <Text
                      accessible={true}
                      allowFontScaling={true}
                      ellipsizeMode="tail"
                      style={
                        Object {
                          "color": "#666",
                        }
                      }
                    >
                      Patrimônio esperado:
                    </Text>
                  </View>
                  <View
                    style={
                      Object {
                        "width": "50%",
                      }
                    }
                  >
                    <Text
                      accessible={true}
                      allowFontScaling={true}
                      ellipsizeMode="tail"
                      style={
                        Object {
                          "alignSelf": "center",
                          "textAlign": "center",
                        }
                      }
                    >
                      R$ 0
                    </Text>
                  </View>
                </View>,
                <View
                  style={
                    Array [
                      Object {
                        "alignItems": "center",
                        "flexDirection": "row",
                        "justifyContent": "space-between",
                        "width": "100%",
                      },
                      Object {
                        "marginTop": 15,
                      },
                    ]
                  }
                >
                  <View
                    style={
                      Object {
                        "width": "50%",
                      }
                    }
                  >
                    <Text
                      accessible={true}
                      allowFontScaling={true}
                      ellipsizeMode="tail"
                      style={
                        Object {
                          "color": "#666",
                        }
                      }
                    >
                      Resultado:
                    </Text>
                  </View>
                  <View
                    style={
                      Object {
                        "width": "50%",
                      }
                    }
                  >
                    <Text
                      accessible={true}
                      allowFontScaling={true}
                      ellipsizeMode="tail"
                      style={
                        Object {
                          "alignSelf": "center",
                          "textAlign": "center",
                        }
                      }
                    >
                      0,0
                      %
                    </Text>
                  </View>
                </View>,
              ],
              "style": Object {
                "alignItems": "flex-start",
                "flexDirection": "column",
                "justifyContent": "space-between",
                "marginBottom": 8,
                "width": "100%",
              },
            },
            "ref": null,
            "rendered": Array [
              Object {
                "instance": null,
                "key": undefined,
                "nodeType": "class",
                "props": Object {
                  "children": Array [
                    <View
                      style={
                        Object {
                          "width": "50%",
                        }
                      }
                    >
                      <Text
                        accessible={true}
                        allowFontScaling={true}
                        ellipsizeMode="tail"
                        style={
                          Object {
                            "color": "#666",
                          }
                        }
                      >
                        Patrimônio formado:
                      </Text>
                    </View>,
                    <View
                      style={
                        Object {
                          "width": "50%",
                        }
                      }
                    >
                      <Text
                        accessible={true}
                        allowFontScaling={true}
                        ellipsizeMode="tail"
                        style={
                          Object {
                            "alignSelf": "center",
                            "color": "green",
                            "textAlign": "center",
                          }
                        }
                      >
                        R$ 0
                      </Text>
                    </View>,
                  ],
                  "style": Object {
                    "alignItems": "center",
                    "flexDirection": "row",
                    "justifyContent": "space-between",
                    "width": "100%",
                  },
                },
                "ref": null,
                "rendered": Array [
                  Object {
                    "instance": null,
                    "key": undefined,
                    "nodeType": "class",
                    "props": Object {
                      "children": <Text
                        accessible={true}
                        allowFontScaling={true}
                        ellipsizeMode="tail"
                        style={
                          Object {
                            "color": "#666",
                          }
                        }
                      >
                        Patrimônio formado:
                      </Text>,
                      "style": Object {
                        "width": "50%",
                      },
                    },
                    "ref": null,
                    "rendered": Object {
                      "instance": null,
                      "key": undefined,
                      "nodeType": "class",
                      "props": Object {
                        "accessible": true,
                        "allowFontScaling": true,
                        "children": "Patrimônio formado:",
                        "ellipsizeMode": "tail",
                        "style": Object {
                          "color": "#666",
                        },
                      },
                      "ref": null,
                      "rendered": "Patrimônio formado:",
                      "type": [Function],
                    },
                    "type": [Function],
                  },
                  Object {
                    "instance": null,
                    "key": undefined,
                    "nodeType": "class",
                    "props": Object {
                      "children": <Text
                        accessible={true}
                        allowFontScaling={true}
                        ellipsizeMode="tail"
                        style={
                          Object {
                            "alignSelf": "center",
                            "color": "green",
                            "textAlign": "center",
                          }
                        }
                      >
                        R$ 0
                      </Text>,
                      "style": Object {
                        "width": "50%",
                      },
                    },
                    "ref": null,
                    "rendered": Object {
                      "instance": null,
                      "key": undefined,
                      "nodeType": "class",
                      "props": Object {
                        "accessible": true,
                        "allowFontScaling": true,
                        "children": "R$ 0",
                        "ellipsizeMode": "tail",
                        "style": Object {
                          "alignSelf": "center",
                          "color": "green",
                          "textAlign": "center",
                        },
                      },
                      "ref": null,
                      "rendered": "R$ 0",
                      "type": [Function],
                    },
                    "type": [Function],
                  },
                ],
                "type": [Function],
              },
              Object {
                "instance": null,
                "key": undefined,
                "nodeType": "class",
                "props": Object {
                  "children": Array [
                    <View
                      style={
                        Object {
                          "width": "50%",
                        }
                      }
                    >
                      <Text
                        accessible={true}
                        allowFontScaling={true}
                        ellipsizeMode="tail"
                        style={
                          Object {
                            "color": "#666",
                          }
                        }
                      >
                        Patrimônio esperado:
                      </Text>
                    </View>,
                    <View
                      style={
                        Object {
                          "width": "50%",
                        }
                      }
                    >
                      <Text
                        accessible={true}
                        allowFontScaling={true}
                        ellipsizeMode="tail"
                        style={
                          Object {
                            "alignSelf": "center",
                            "textAlign": "center",
                          }
                        }
                      >
                        R$ 0
                      </Text>
                    </View>,
                  ],
                  "style": Array [
                    Object {
                      "alignItems": "center",
                      "flexDirection": "row",
                      "justifyContent": "space-between",
                      "width": "100%",
                    },
                    Object {
                      "marginTop": 15,
                    },
                  ],
                },
                "ref": null,
                "rendered": Array [
                  Object {
                    "instance": null,
                    "key": undefined,
                    "nodeType": "class",
                    "props": Object {
                      "children": <Text
                        accessible={true}
                        allowFontScaling={true}
                        ellipsizeMode="tail"
                        style={
                          Object {
                            "color": "#666",
                          }
                        }
                      >
                        Patrimônio esperado:
                      </Text>,
                      "style": Object {
                        "width": "50%",
                      },
                    },
                    "ref": null,
                    "rendered": Object {
                      "instance": null,
                      "key": undefined,
                      "nodeType": "class",
                      "props": Object {
                        "accessible": true,
                        "allowFontScaling": true,
                        "children": "Patrimônio esperado:",
                        "ellipsizeMode": "tail",
                        "style": Object {
                          "color": "#666",
                        },
                      },
                      "ref": null,
                      "rendered": "Patrimônio esperado:",
                      "type": [Function],
                    },
                    "type": [Function],
                  },
                  Object {
                    "instance": null,
                    "key": undefined,
                    "nodeType": "class",
                    "props": Object {
                      "children": <Text
                        accessible={true}
                        allowFontScaling={true}
                        ellipsizeMode="tail"
                        style={
                          Object {
                            "alignSelf": "center",
                            "textAlign": "center",
                          }
                        }
                      >
                        R$ 0
                      </Text>,
                      "style": Object {
                        "width": "50%",
                      },
                    },
                    "ref": null,
                    "rendered": Object {
                      "instance": null,
                      "key": undefined,
                      "nodeType": "class",
                      "props": Object {
                        "accessible": true,
                        "allowFontScaling": true,
                        "children": "R$ 0",
                        "ellipsizeMode": "tail",
                        "style": Object {
                          "alignSelf": "center",
                          "textAlign": "center",
                        },
                      },
                      "ref": null,
                      "rendered": "R$ 0",
                      "type": [Function],
                    },
                    "type": [Function],
                  },
                ],
                "type": [Function],
              },
              Object {
                "instance": null,
                "key": undefined,
                "nodeType": "class",
                "props": Object {
                  "children": Array [
                    <View
                      style={
                        Object {
                          "width": "50%",
                        }
                      }
                    >
                      <Text
                        accessible={true}
                        allowFontScaling={true}
                        ellipsizeMode="tail"
                        style={
                          Object {
                            "color": "#666",
                          }
                        }
                      >
                        Resultado:
                      </Text>
                    </View>,
                    <View
                      style={
                        Object {
                          "width": "50%",
                        }
                      }
                    >
                      <Text
                        accessible={true}
                        allowFontScaling={true}
                        ellipsizeMode="tail"
                        style={
                          Object {
                            "alignSelf": "center",
                            "textAlign": "center",
                          }
                        }
                      >
                        0,0
                        %
                      </Text>
                    </View>,
                  ],
                  "style": Array [
                    Object {
                      "alignItems": "center",
                      "flexDirection": "row",
                      "justifyContent": "space-between",
                      "width": "100%",
                    },
                    Object {
                      "marginTop": 15,
                    },
                  ],
                },
                "ref": null,
                "rendered": Array [
                  Object {
                    "instance": null,
                    "key": undefined,
                    "nodeType": "class",
                    "props": Object {
                      "children": <Text
                        accessible={true}
                        allowFontScaling={true}
                        ellipsizeMode="tail"
                        style={
                          Object {
                            "color": "#666",
                          }
                        }
                      >
                        Resultado:
                      </Text>,
                      "style": Object {
                        "width": "50%",
                      },
                    },
                    "ref": null,
                    "rendered": Object {
                      "instance": null,
                      "key": undefined,
                      "nodeType": "class",
                      "props": Object {
                        "accessible": true,
                        "allowFontScaling": true,
                        "children": "Resultado:",
                        "ellipsizeMode": "tail",
                        "style": Object {
                          "color": "#666",
                        },
                      },
                      "ref": null,
                      "rendered": "Resultado:",
                      "type": [Function],
                    },
                    "type": [Function],
                  },
                  Object {
                    "instance": null,
                    "key": undefined,
                    "nodeType": "class",
                    "props": Object {
                      "children": <Text
                        accessible={true}
                        allowFontScaling={true}
                        ellipsizeMode="tail"
                        style={
                          Object {
                            "alignSelf": "center",
                            "textAlign": "center",
                          }
                        }
                      >
                        0,0
                        %
                      </Text>,
                      "style": Object {
                        "width": "50%",
                      },
                    },
                    "ref": null,
                    "rendered": Object {
                      "instance": null,
                      "key": undefined,
                      "nodeType": "class",
                      "props": Object {
                        "accessible": true,
                        "allowFontScaling": true,
                        "children": Array [
                          "0,0",
                          "%",
                        ],
                        "ellipsizeMode": "tail",
                        "style": Object {
                          "alignSelf": "center",
                          "textAlign": "center",
                        },
                      },
                      "ref": null,
                      "rendered": Array [
                        "0,0",
                        "%",
                      ],
                      "type": [Function],
                    },
                    "type": [Function],
                  },
                ],
                "type": [Function],
              },
            ],
            "type": [Function],
          },
          Object {
            "instance": null,
            "key": undefined,
            "nodeType": "class",
            "props": Object {
              "style": Object {
                "marginTop": 15,
              },
            },
            "ref": null,
            "rendered": null,
            "type": [Function],
          },
        ],
        "type": [MockFunction],
      },
      Object {
        "instance": null,
        "key": undefined,
        "nodeType": "function",
        "props": Object {
          "funcProxTela": [Function],
          "tela": "Reserva",
          "valor": 0,
        },
        "ref": null,
        "rendered": null,
        "type": [Function],
      },
    ],
    "type": [Function],
  },
  Symbol(enzyme.__nodes__): Array [
    Object {
      "instance": null,
      "key": undefined,
      "nodeType": "class",
      "props": Object {
        "children": Array [
          <ScrollView
            contentContainerStyle={
              Object {
                "alignItems": "flex-start",
                "justifyContent": "space-between",
                "paddingBottom": 20,
                "paddingHorizontal": 10,
                "paddingTop": 5,
              }
            }
            style={
              Object {
                "flexShrink": 1,
              }
            }
          >
            <ModalErro
              fechar={[Function]}
              objErro={Object {}}
              visivel={false}
            />
            <View
              style={
                Object {
                  "alignItems": "center",
                  "marginBottom": 5,
                  "width": "100%",
                }
              }
            >
              <Text
                accessible={true}
                allowFontScaling={true}
                ellipsizeMode="tail"
                style={
                  Object {
                    "color": "#14567A",
                    "fontSize": 20,
                    "fontWeight": "bold",
                    "textAlign": "center",
                  }
                }
              >
                Patrimônio
              </Text>
            </View>
            <SliderInvestimentos
              inicial={0}
              retorno={[Function]}
            />
            <SliderImoveis
              inicial={0}
              retorno={[Function]}
            />
            <SliderVeiculos
              inicial={0}
              retorno={[Function]}
            />
            <View
              style={
                Object {
                  "marginTop": 15,
                }
              }
            />
            <View
              style={
                Object {
                  "borderBottomColor": "#14567A",
                  "borderBottomWidth": 1,
                  "width": "100%",
                }
              }
            />
            <View
              style={
                Object {
                  "marginTop": 15,
                }
              }
            />
            <View
              style={
                Object {
                  "alignItems": "flex-start",
                  "flexDirection": "column",
                  "justifyContent": "space-between",
                  "marginBottom": 8,
                  "width": "100%",
                }
              }
            >
              <View
                style={
                  Object {
                    "alignItems": "center",
                    "flexDirection": "row",
                    "justifyContent": "space-between",
                    "width": "100%",
                  }
                }
              >
                <View
                  style={
                    Object {
                      "width": "50%",
                    }
                  }
                >
                  <Text
                    accessible={true}
                    allowFontScaling={true}
                    ellipsizeMode="tail"
                    style={
                      Object {
                        "color": "#666",
                      }
                    }
                  >
                    Patrimônio formado:
                  </Text>
                </View>
                <View
                  style={
                    Object {
                      "width": "50%",
                    }
                  }
                >
                  <Text
                    accessible={true}
                    allowFontScaling={true}
                    ellipsizeMode="tail"
                    style={
                      Object {
                        "alignSelf": "center",
                        "color": "green",
                        "textAlign": "center",
                      }
                    }
                  >
                    R$ 0
                  </Text>
                </View>
              </View>
              <View
                style={
                  Array [
                    Object {
                      "alignItems": "center",
                      "flexDirection": "row",
                      "justifyContent": "space-between",
                      "width": "100%",
                    },
                    Object {
                      "marginTop": 15,
                    },
                  ]
                }
              >
                <View
                  style={
                    Object {
                      "width": "50%",
                    }
                  }
                >
                  <Text
                    accessible={true}
                    allowFontScaling={true}
                    ellipsizeMode="tail"
                    style={
                      Object {
                        "color": "#666",
                      }
                    }
                  >
                    Patrimônio esperado:
                  </Text>
                </View>
                <View
                  style={
                    Object {
                      "width": "50%",
                    }
                  }
                >
                  <Text
                    accessible={true}
                    allowFontScaling={true}
                    ellipsizeMode="tail"
                    style={
                      Object {
                        "alignSelf": "center",
                        "textAlign": "center",
                      }
                    }
                  >
                    R$ 0
                  </Text>
                </View>
              </View>
              <View
                style={
                  Array [
                    Object {
                      "alignItems": "center",
                      "flexDirection": "row",
                      "justifyContent": "space-between",
                      "width": "100%",
                    },
                    Object {
                      "marginTop": 15,
                    },
                  ]
                }
              >
                <View
                  style={
                    Object {
                      "width": "50%",
                    }
                  }
                >
                  <Text
                    accessible={true}
                    allowFontScaling={true}
                    ellipsizeMode="tail"
                    style={
                      Object {
                        "color": "#666",
                      }
                    }
                  >
                    Resultado:
                  </Text>
                </View>
                <View
                  style={
                    Object {
                      "width": "50%",
                    }
                  }
                >
                  <Text
                    accessible={true}
                    allowFontScaling={true}
                    ellipsizeMode="tail"
                    style={
                      Object {
                        "alignSelf": "center",
                        "textAlign": "center",
                      }
                    }
                  >
                    0,0
                    %
                  </Text>
                </View>
              </View>
            </View>
            <View
              style={
                Object {
                  "marginTop": 15,
                }
              }
            />
          </ScrollView>,
          <Unknown
            funcProxTela={[Function]}
            tela="Reserva"
            valor={0}
          />,
        ],
        "style": Object {
          "flex": 1,
        },
      },
      "ref": null,
      "rendered": Array [
        Object {
          "instance": null,
          "key": undefined,
          "nodeType": "class",
          "props": Object {
            "children": Array [
              <ModalErro
                fechar={[Function]}
                objErro={Object {}}
                visivel={false}
              />,
              <View
                style={
                  Object {
                    "alignItems": "center",
                    "marginBottom": 5,
                    "width": "100%",
                  }
                }
              >
                <Text
                  accessible={true}
                  allowFontScaling={true}
                  ellipsizeMode="tail"
                  style={
                    Object {
                      "color": "#14567A",
                      "fontSize": 20,
                      "fontWeight": "bold",
                      "textAlign": "center",
                    }
                  }
                >
                  Patrimônio
                </Text>
              </View>,
              <SliderInvestimentos
                inicial={0}
                retorno={[Function]}
              />,
              <SliderImoveis
                inicial={0}
                retorno={[Function]}
              />,
              <SliderVeiculos
                inicial={0}
                retorno={[Function]}
              />,
              <View
                style={
                  Object {
                    "marginTop": 15,
                  }
                }
              />,
              <View
                style={
                  Object {
                    "borderBottomColor": "#14567A",
                    "borderBottomWidth": 1,
                    "width": "100%",
                  }
                }
              />,
              <View
                style={
                  Object {
                    "marginTop": 15,
                  }
                }
              />,
              <View
                style={
                  Object {
                    "alignItems": "flex-start",
                    "flexDirection": "column",
                    "justifyContent": "space-between",
                    "marginBottom": 8,
                    "width": "100%",
                  }
                }
              >
                <View
                  style={
                    Object {
                      "alignItems": "center",
                      "flexDirection": "row",
                      "justifyContent": "space-between",
                      "width": "100%",
                    }
                  }
                >
                  <View
                    style={
                      Object {
                        "width": "50%",
                      }
                    }
                  >
                    <Text
                      accessible={true}
                      allowFontScaling={true}
                      ellipsizeMode="tail"
                      style={
                        Object {
                          "color": "#666",
                        }
                      }
                    >
                      Patrimônio formado:
                    </Text>
                  </View>
                  <View
                    style={
                      Object {
                        "width": "50%",
                      }
                    }
                  >
                    <Text
                      accessible={true}
                      allowFontScaling={true}
                      ellipsizeMode="tail"
                      style={
                        Object {
                          "alignSelf": "center",
                          "color": "green",
                          "textAlign": "center",
                        }
                      }
                    >
                      R$ 0
                    </Text>
                  </View>
                </View>
                <View
                  style={
                    Array [
                      Object {
                        "alignItems": "center",
                        "flexDirection": "row",
                        "justifyContent": "space-between",
                        "width": "100%",
                      },
                      Object {
                        "marginTop": 15,
                      },
                    ]
                  }
                >
                  <View
                    style={
                      Object {
                        "width": "50%",
                      }
                    }
                  >
                    <Text
                      accessible={true}
                      allowFontScaling={true}
                      ellipsizeMode="tail"
                      style={
                        Object {
                          "color": "#666",
                        }
                      }
                    >
                      Patrimônio esperado:
                    </Text>
                  </View>
                  <View
                    style={
                      Object {
                        "width": "50%",
                      }
                    }
                  >
                    <Text
                      accessible={true}
                      allowFontScaling={true}
                      ellipsizeMode="tail"
                      style={
                        Object {
                          "alignSelf": "center",
                          "textAlign": "center",
                        }
                      }
                    >
                      R$ 0
                    </Text>
                  </View>
                </View>
                <View
                  style={
                    Array [
                      Object {
                        "alignItems": "center",
                        "flexDirection": "row",
                        "justifyContent": "space-between",
                        "width": "100%",
                      },
                      Object {
                        "marginTop": 15,
                      },
                    ]
                  }
                >
                  <View
                    style={
                      Object {
                        "width": "50%",
                      }
                    }
                  >
                    <Text
                      accessible={true}
                      allowFontScaling={true}
                      ellipsizeMode="tail"
                      style={
                        Object {
                          "color": "#666",
                        }
                      }
                    >
                      Resultado:
                    </Text>
                  </View>
                  <View
                    style={
                      Object {
                        "width": "50%",
                      }
                    }
                  >
                    <Text
                      accessible={true}
                      allowFontScaling={true}
                      ellipsizeMode="tail"
                      style={
                        Object {
                          "alignSelf": "center",
                          "textAlign": "center",
                        }
                      }
                    >
                      0,0
                      %
                    </Text>
                  </View>
                </View>
              </View>,
              <View
                style={
                  Object {
                    "marginTop": 15,
                  }
                }
              />,
            ],
            "contentContainerStyle": Object {
              "alignItems": "flex-start",
              "justifyContent": "space-between",
              "paddingBottom": 20,
              "paddingHorizontal": 10,
              "paddingTop": 5,
            },
            "style": Object {
              "flexShrink": 1,
            },
          },
          "ref": null,
          "rendered": Array [
            Object {
              "instance": null,
              "key": undefined,
              "nodeType": "class",
              "props": Object {
                "fechar": [Function],
                "objErro": Object {},
                "visivel": false,
              },
              "ref": null,
              "rendered": null,
              "type": [Function],
            },
            Object {
              "instance": null,
              "key": undefined,
              "nodeType": "class",
              "props": Object {
                "children": <Text
                  accessible={true}
                  allowFontScaling={true}
                  ellipsizeMode="tail"
                  style={
                    Object {
                      "color": "#14567A",
                      "fontSize": 20,
                      "fontWeight": "bold",
                      "textAlign": "center",
                    }
                  }
                >
                  Patrimônio
                </Text>,
                "style": Object {
                  "alignItems": "center",
                  "marginBottom": 5,
                  "width": "100%",
                },
              },
              "ref": null,
              "rendered": Object {
                "instance": null,
                "key": undefined,
                "nodeType": "class",
                "props": Object {
                  "accessible": true,
                  "allowFontScaling": true,
                  "children": "Patrimônio",
                  "ellipsizeMode": "tail",
                  "style": Object {
                    "color": "#14567A",
                    "fontSize": 20,
                    "fontWeight": "bold",
                    "textAlign": "center",
                  },
                },
                "ref": null,
                "rendered": "Patrimônio",
                "type": [Function],
              },
              "type": [Function],
            },
            Object {
              "instance": null,
              "key": undefined,
              "nodeType": "class",
              "props": Object {
                "inicial": 0,
                "retorno": [Function],
              },
              "ref": null,
              "rendered": null,
              "type": [Function],
            },
            Object {
              "instance": null,
              "key": undefined,
              "nodeType": "class",
              "props": Object {
                "inicial": 0,
                "retorno": [Function],
              },
              "ref": null,
              "rendered": null,
              "type": [Function],
            },
            Object {
              "instance": null,
              "key": undefined,
              "nodeType": "class",
              "props": Object {
                "inicial": 0,
                "retorno": [Function],
              },
              "ref": null,
              "rendered": null,
              "type": [Function],
            },
            Object {
              "instance": null,
              "key": undefined,
              "nodeType": "class",
              "props": Object {
                "style": Object {
                  "marginTop": 15,
                },
              },
              "ref": null,
              "rendered": null,
              "type": [Function],
            },
            Object {
              "instance": null,
              "key": undefined,
              "nodeType": "class",
              "props": Object {
                "style": Object {
                  "borderBottomColor": "#14567A",
                  "borderBottomWidth": 1,
                  "width": "100%",
                },
              },
              "ref": null,
              "rendered": null,
              "type": [Function],
            },
            Object {
              "instance": null,
              "key": undefined,
              "nodeType": "class",
              "props": Object {
                "style": Object {
                  "marginTop": 15,
                },
              },
              "ref": null,
              "rendered": null,
              "type": [Function],
            },
            Object {
              "instance": null,
              "key": undefined,
              "nodeType": "class",
              "props": Object {
                "children": Array [
                  <View
                    style={
                      Object {
                        "alignItems": "center",
                        "flexDirection": "row",
                        "justifyContent": "space-between",
                        "width": "100%",
                      }
                    }
                  >
                    <View
                      style={
                        Object {
                          "width": "50%",
                        }
                      }
                    >
                      <Text
                        accessible={true}
                        allowFontScaling={true}
                        ellipsizeMode="tail"
                        style={
                          Object {
                            "color": "#666",
                          }
                        }
                      >
                        Patrimônio formado:
                      </Text>
                    </View>
                    <View
                      style={
                        Object {
                          "width": "50%",
                        }
                      }
                    >
                      <Text
                        accessible={true}
                        allowFontScaling={true}
                        ellipsizeMode="tail"
                        style={
                          Object {
                            "alignSelf": "center",
                            "color": "green",
                            "textAlign": "center",
                          }
                        }
                      >
                        R$ 0
                      </Text>
                    </View>
                  </View>,
                  <View
                    style={
                      Array [
                        Object {
                          "alignItems": "center",
                          "flexDirection": "row",
                          "justifyContent": "space-between",
                          "width": "100%",
                        },
                        Object {
                          "marginTop": 15,
                        },
                      ]
                    }
                  >
                    <View
                      style={
                        Object {
                          "width": "50%",
                        }
                      }
                    >
                      <Text
                        accessible={true}
                        allowFontScaling={true}
                        ellipsizeMode="tail"
                        style={
                          Object {
                            "color": "#666",
                          }
                        }
                      >
                        Patrimônio esperado:
                      </Text>
                    </View>
                    <View
                      style={
                        Object {
                          "width": "50%",
                        }
                      }
                    >
                      <Text
                        accessible={true}
                        allowFontScaling={true}
                        ellipsizeMode="tail"
                        style={
                          Object {
                            "alignSelf": "center",
                            "textAlign": "center",
                          }
                        }
                      >
                        R$ 0
                      </Text>
                    </View>
                  </View>,
                  <View
                    style={
                      Array [
                        Object {
                          "alignItems": "center",
                          "flexDirection": "row",
                          "justifyContent": "space-between",
                          "width": "100%",
                        },
                        Object {
                          "marginTop": 15,
                        },
                      ]
                    }
                  >
                    <View
                      style={
                        Object {
                          "width": "50%",
                        }
                      }
                    >
                      <Text
                        accessible={true}
                        allowFontScaling={true}
                        ellipsizeMode="tail"
                        style={
                          Object {
                            "color": "#666",
                          }
                        }
                      >
                        Resultado:
                      </Text>
                    </View>
                    <View
                      style={
                        Object {
                          "width": "50%",
                        }
                      }
                    >
                      <Text
                        accessible={true}
                        allowFontScaling={true}
                        ellipsizeMode="tail"
                        style={
                          Object {
                            "alignSelf": "center",
                            "textAlign": "center",
                          }
                        }
                      >
                        0,0
                        %
                      </Text>
                    </View>
                  </View>,
                ],
                "style": Object {
                  "alignItems": "flex-start",
                  "flexDirection": "column",
                  "justifyContent": "space-between",
                  "marginBottom": 8,
                  "width": "100%",
                },
              },
              "ref": null,
              "rendered": Array [
                Object {
                  "instance": null,
                  "key": undefined,
                  "nodeType": "class",
                  "props": Object {
                    "children": Array [
                      <View
                        style={
                          Object {
                            "width": "50%",
                          }
                        }
                      >
                        <Text
                          accessible={true}
                          allowFontScaling={true}
                          ellipsizeMode="tail"
                          style={
                            Object {
                              "color": "#666",
                            }
                          }
                        >
                          Patrimônio formado:
                        </Text>
                      </View>,
                      <View
                        style={
                          Object {
                            "width": "50%",
                          }
                        }
                      >
                        <Text
                          accessible={true}
                          allowFontScaling={true}
                          ellipsizeMode="tail"
                          style={
                            Object {
                              "alignSelf": "center",
                              "color": "green",
                              "textAlign": "center",
                            }
                          }
                        >
                          R$ 0
                        </Text>
                      </View>,
                    ],
                    "style": Object {
                      "alignItems": "center",
                      "flexDirection": "row",
                      "justifyContent": "space-between",
                      "width": "100%",
                    },
                  },
                  "ref": null,
                  "rendered": Array [
                    Object {
                      "instance": null,
                      "key": undefined,
                      "nodeType": "class",
                      "props": Object {
                        "children": <Text
                          accessible={true}
                          allowFontScaling={true}
                          ellipsizeMode="tail"
                          style={
                            Object {
                              "color": "#666",
                            }
                          }
                        >
                          Patrimônio formado:
                        </Text>,
                        "style": Object {
                          "width": "50%",
                        },
                      },
                      "ref": null,
                      "rendered": Object {
                        "instance": null,
                        "key": undefined,
                        "nodeType": "class",
                        "props": Object {
                          "accessible": true,
                          "allowFontScaling": true,
                          "children": "Patrimônio formado:",
                          "ellipsizeMode": "tail",
                          "style": Object {
                            "color": "#666",
                          },
                        },
                        "ref": null,
                        "rendered": "Patrimônio formado:",
                        "type": [Function],
                      },
                      "type": [Function],
                    },
                    Object {
                      "instance": null,
                      "key": undefined,
                      "nodeType": "class",
                      "props": Object {
                        "children": <Text
                          accessible={true}
                          allowFontScaling={true}
                          ellipsizeMode="tail"
                          style={
                            Object {
                              "alignSelf": "center",
                              "color": "green",
                              "textAlign": "center",
                            }
                          }
                        >
                          R$ 0
                        </Text>,
                        "style": Object {
                          "width": "50%",
                        },
                      },
                      "ref": null,
                      "rendered": Object {
                        "instance": null,
                        "key": undefined,
                        "nodeType": "class",
                        "props": Object {
                          "accessible": true,
                          "allowFontScaling": true,
                          "children": "R$ 0",
                          "ellipsizeMode": "tail",
                          "style": Object {
                            "alignSelf": "center",
                            "color": "green",
                            "textAlign": "center",
                          },
                        },
                        "ref": null,
                        "rendered": "R$ 0",
                        "type": [Function],
                      },
                      "type": [Function],
                    },
                  ],
                  "type": [Function],
                },
                Object {
                  "instance": null,
                  "key": undefined,
                  "nodeType": "class",
                  "props": Object {
                    "children": Array [
                      <View
                        style={
                          Object {
                            "width": "50%",
                          }
                        }
                      >
                        <Text
                          accessible={true}
                          allowFontScaling={true}
                          ellipsizeMode="tail"
                          style={
                            Object {
                              "color": "#666",
                            }
                          }
                        >
                          Patrimônio esperado:
                        </Text>
                      </View>,
                      <View
                        style={
                          Object {
                            "width": "50%",
                          }
                        }
                      >
                        <Text
                          accessible={true}
                          allowFontScaling={true}
                          ellipsizeMode="tail"
                          style={
                            Object {
                              "alignSelf": "center",
                              "textAlign": "center",
                            }
                          }
                        >
                          R$ 0
                        </Text>
                      </View>,
                    ],
                    "style": Array [
                      Object {
                        "alignItems": "center",
                        "flexDirection": "row",
                        "justifyContent": "space-between",
                        "width": "100%",
                      },
                      Object {
                        "marginTop": 15,
                      },
                    ],
                  },
                  "ref": null,
                  "rendered": Array [
                    Object {
                      "instance": null,
                      "key": undefined,
                      "nodeType": "class",
                      "props": Object {
                        "children": <Text
                          accessible={true}
                          allowFontScaling={true}
                          ellipsizeMode="tail"
                          style={
                            Object {
                              "color": "#666",
                            }
                          }
                        >
                          Patrimônio esperado:
                        </Text>,
                        "style": Object {
                          "width": "50%",
                        },
                      },
                      "ref": null,
                      "rendered": Object {
                        "instance": null,
                        "key": undefined,
                        "nodeType": "class",
                        "props": Object {
                          "accessible": true,
                          "allowFontScaling": true,
                          "children": "Patrimônio esperado:",
                          "ellipsizeMode": "tail",
                          "style": Object {
                            "color": "#666",
                          },
                        },
                        "ref": null,
                        "rendered": "Patrimônio esperado:",
                        "type": [Function],
                      },
                      "type": [Function],
                    },
                    Object {
                      "instance": null,
                      "key": undefined,
                      "nodeType": "class",
                      "props": Object {
                        "children": <Text
                          accessible={true}
                          allowFontScaling={true}
                          ellipsizeMode="tail"
                          style={
                            Object {
                              "alignSelf": "center",
                              "textAlign": "center",
                            }
                          }
                        >
                          R$ 0
                        </Text>,
                        "style": Object {
                          "width": "50%",
                        },
                      },
                      "ref": null,
                      "rendered": Object {
                        "instance": null,
                        "key": undefined,
                        "nodeType": "class",
                        "props": Object {
                          "accessible": true,
                          "allowFontScaling": true,
                          "children": "R$ 0",
                          "ellipsizeMode": "tail",
                          "style": Object {
                            "alignSelf": "center",
                            "textAlign": "center",
                          },
                        },
                        "ref": null,
                        "rendered": "R$ 0",
                        "type": [Function],
                      },
                      "type": [Function],
                    },
                  ],
                  "type": [Function],
                },
                Object {
                  "instance": null,
                  "key": undefined,
                  "nodeType": "class",
                  "props": Object {
                    "children": Array [
                      <View
                        style={
                          Object {
                            "width": "50%",
                          }
                        }
                      >
                        <Text
                          accessible={true}
                          allowFontScaling={true}
                          ellipsizeMode="tail"
                          style={
                            Object {
                              "color": "#666",
                            }
                          }
                        >
                          Resultado:
                        </Text>
                      </View>,
                      <View
                        style={
                          Object {
                            "width": "50%",
                          }
                        }
                      >
                        <Text
                          accessible={true}
                          allowFontScaling={true}
                          ellipsizeMode="tail"
                          style={
                            Object {
                              "alignSelf": "center",
                              "textAlign": "center",
                            }
                          }
                        >
                          0,0
                          %
                        </Text>
                      </View>,
                    ],
                    "style": Array [
                      Object {
                        "alignItems": "center",
                        "flexDirection": "row",
                        "justifyContent": "space-between",
                        "width": "100%",
                      },
                      Object {
                        "marginTop": 15,
                      },
                    ],
                  },
                  "ref": null,
                  "rendered": Array [
                    Object {
                      "instance": null,
                      "key": undefined,
                      "nodeType": "class",
                      "props": Object {
                        "children": <Text
                          accessible={true}
                          allowFontScaling={true}
                          ellipsizeMode="tail"
                          style={
                            Object {
                              "color": "#666",
                            }
                          }
                        >
                          Resultado:
                        </Text>,
                        "style": Object {
                          "width": "50%",
                        },
                      },
                      "ref": null,
                      "rendered": Object {
                        "instance": null,
                        "key": undefined,
                        "nodeType": "class",
                        "props": Object {
                          "accessible": true,
                          "allowFontScaling": true,
                          "children": "Resultado:",
                          "ellipsizeMode": "tail",
                          "style": Object {
                            "color": "#666",
                          },
                        },
                        "ref": null,
                        "rendered": "Resultado:",
                        "type": [Function],
                      },
                      "type": [Function],
                    },
                    Object {
                      "instance": null,
                      "key": undefined,
                      "nodeType": "class",
                      "props": Object {
                        "children": <Text
                          accessible={true}
                          allowFontScaling={true}
                          ellipsizeMode="tail"
                          style={
                            Object {
                              "alignSelf": "center",
                              "textAlign": "center",
                            }
                          }
                        >
                          0,0
                          %
                        </Text>,
                        "style": Object {
                          "width": "50%",
                        },
                      },
                      "ref": null,
                      "rendered": Object {
                        "instance": null,
                        "key": undefined,
                        "nodeType": "class",
                        "props": Object {
                          "accessible": true,
                          "allowFontScaling": true,
                          "children": Array [
                            "0,0",
                            "%",
                          ],
                          "ellipsizeMode": "tail",
                          "style": Object {
                            "alignSelf": "center",
                            "textAlign": "center",
                          },
                        },
                        "ref": null,
                        "rendered": Array [
                          "0,0",
                          "%",
                        ],
                        "type": [Function],
                      },
                      "type": [Function],
                    },
                  ],
                  "type": [Function],
                },
              ],
              "type": [Function],
            },
            Object {
              "instance": null,
              "key": undefined,
              "nodeType": "class",
              "props": Object {
                "style": Object {
                  "marginTop": 15,
                },
              },
              "ref": null,
              "rendered": null,
              "type": [Function],
            },
          ],
          "type": [MockFunction],
        },
        Object {
          "instance": null,
          "key": undefined,
          "nodeType": "function",
          "props": Object {
            "funcProxTela": [Function],
            "tela": "Reserva",
            "valor": 0,
          },
          "ref": null,
          "rendered": null,
          "type": [Function],
        },
      ],
      "type": [Function],
    },
  ],
  Symbol(enzyme.__options__): Object {
    "adapter": ReactSixteenAdapter {
      "options": Object {
        "enableComponentDidUpdateOnSetState": true,
      },
    },
  },
}
`;
