// Jest Snapshot v1, https://goo.gl/fbAQLP

exports[`SliderSalario renders correctly 1`] = `
ShallowWrapper {
  "length": 1,
  Symbol(enzyme.__root__): [Circular],
  Symbol(enzyme.__unrendered__): <SliderSalario
    inicial={50}
    retorno={[Function]}
  />,
  Symbol(enzyme.__renderer__): Object {
    "batchedUpdates": [Function],
    "getNode": [Function],
    "render": [Function],
    "simulateEvent": [Function],
    "unmount": [Function],
  },
  Symbol(enzyme.__node__): Object {
    "instance": null,
    "key": undefined,
    "nodeType": "class",
    "props": Object {
      "children": Array [
        <Text
          style={
            Object {
              "color": "#666",
            }
          }
        >
          Salário Líquido:
        </Text>,
        <View
          style={
            Object {
              "alignItems": "center",
              "flexDirection": "row",
              "justifyContent": "space-between",
              "width": "100%",
            }
          }
        >
          <Slider
            animationType="timing"
            debugTouchArea={false}
            maximumTrackTintColor="#b3b3b3"
            maximumValue={50000}
            minimumTrackTintColor="#14567A"
            minimumValue={0}
            onSlidingComplete={[Function]}
            onValueChange={[Function]}
            step={100}
            style={
              Object {
                "height": 40,
                "width": "80%",
              }
            }
            thumbTintColor="#14567A"
            thumbTouchSize={
              Object {
                "height": 40,
                "width": 40,
              }
            }
            value={50}
          />
          <Text
            style={
              Object {
                "alignSelf": "center",
                "textAlign": "center",
                "textAlignVertical": "center",
                "width": "20%",
              }
            }
          >
            R$ 50
          </Text>
        </View>,
      ],
      "style": Object {
        "alignItems": "flex-start",
        "flexDirection": "column",
        "justifyContent": "space-between",
        "marginBottom": 8,
        "width": "100%",
      },
    },
    "ref": null,
    "rendered": Array [
      Object {
        "instance": null,
        "key": undefined,
        "nodeType": "class",
        "props": Object {
          "children": "Salário Líquido:",
          "style": Object {
            "color": "#666",
          },
        },
        "ref": null,
        "rendered": "Salário Líquido:",
        "type": [Function],
      },
      Object {
        "instance": null,
        "key": undefined,
        "nodeType": "class",
        "props": Object {
          "children": Array [
            <Slider
              animationType="timing"
              debugTouchArea={false}
              maximumTrackTintColor="#b3b3b3"
              maximumValue={50000}
              minimumTrackTintColor="#14567A"
              minimumValue={0}
              onSlidingComplete={[Function]}
              onValueChange={[Function]}
              step={100}
              style={
                Object {
                  "height": 40,
                  "width": "80%",
                }
              }
              thumbTintColor="#14567A"
              thumbTouchSize={
                Object {
                  "height": 40,
                  "width": 40,
                }
              }
              value={50}
            />,
            <Text
              style={
                Object {
                  "alignSelf": "center",
                  "textAlign": "center",
                  "textAlignVertical": "center",
                  "width": "20%",
                }
              }
            >
              R$ 50
            </Text>,
          ],
          "style": Object {
            "alignItems": "center",
            "flexDirection": "row",
            "justifyContent": "space-between",
            "width": "100%",
          },
        },
        "ref": null,
        "rendered": Array [
          Object {
            "instance": null,
            "key": undefined,
            "nodeType": "class",
            "props": Object {
              "animationType": "timing",
              "debugTouchArea": false,
              "maximumTrackTintColor": "#b3b3b3",
              "maximumValue": 50000,
              "minimumTrackTintColor": "#14567A",
              "minimumValue": 0,
              "onSlidingComplete": [Function],
              "onValueChange": [Function],
              "step": 100,
              "style": Object {
                "height": 40,
                "width": "80%",
              },
              "thumbTintColor": "#14567A",
              "thumbTouchSize": Object {
                "height": 40,
                "width": 40,
              },
              "value": 50,
            },
            "ref": null,
            "rendered": null,
            "type": [Function],
          },
          Object {
            "instance": null,
            "key": undefined,
            "nodeType": "class",
            "props": Object {
              "children": "R$ 50",
              "style": Object {
                "alignSelf": "center",
                "textAlign": "center",
                "textAlignVertical": "center",
                "width": "20%",
              },
            },
            "ref": null,
            "rendered": "R$ 50",
            "type": [Function],
          },
        ],
        "type": [Function],
      },
    ],
    "type": [Function],
  },
  Symbol(enzyme.__nodes__): Array [
    Object {
      "instance": null,
      "key": undefined,
      "nodeType": "class",
      "props": Object {
        "children": Array [
          <Text
            style={
              Object {
                "color": "#666",
              }
            }
          >
            Salário Líquido:
          </Text>,
          <View
            style={
              Object {
                "alignItems": "center",
                "flexDirection": "row",
                "justifyContent": "space-between",
                "width": "100%",
              }
            }
          >
            <Slider
              animationType="timing"
              debugTouchArea={false}
              maximumTrackTintColor="#b3b3b3"
              maximumValue={50000}
              minimumTrackTintColor="#14567A"
              minimumValue={0}
              onSlidingComplete={[Function]}
              onValueChange={[Function]}
              step={100}
              style={
                Object {
                  "height": 40,
                  "width": "80%",
                }
              }
              thumbTintColor="#14567A"
              thumbTouchSize={
                Object {
                  "height": 40,
                  "width": 40,
                }
              }
              value={50}
            />
            <Text
              style={
                Object {
                  "alignSelf": "center",
                  "textAlign": "center",
                  "textAlignVertical": "center",
                  "width": "20%",
                }
              }
            >
              R$ 50
            </Text>
          </View>,
        ],
        "style": Object {
          "alignItems": "flex-start",
          "flexDirection": "column",
          "justifyContent": "space-between",
          "marginBottom": 8,
          "width": "100%",
        },
      },
      "ref": null,
      "rendered": Array [
        Object {
          "instance": null,
          "key": undefined,
          "nodeType": "class",
          "props": Object {
            "children": "Salário Líquido:",
            "style": Object {
              "color": "#666",
            },
          },
          "ref": null,
          "rendered": "Salário Líquido:",
          "type": [Function],
        },
        Object {
          "instance": null,
          "key": undefined,
          "nodeType": "class",
          "props": Object {
            "children": Array [
              <Slider
                animationType="timing"
                debugTouchArea={false}
                maximumTrackTintColor="#b3b3b3"
                maximumValue={50000}
                minimumTrackTintColor="#14567A"
                minimumValue={0}
                onSlidingComplete={[Function]}
                onValueChange={[Function]}
                step={100}
                style={
                  Object {
                    "height": 40,
                    "width": "80%",
                  }
                }
                thumbTintColor="#14567A"
                thumbTouchSize={
                  Object {
                    "height": 40,
                    "width": 40,
                  }
                }
                value={50}
              />,
              <Text
                style={
                  Object {
                    "alignSelf": "center",
                    "textAlign": "center",
                    "textAlignVertical": "center",
                    "width": "20%",
                  }
                }
              >
                R$ 50
              </Text>,
            ],
            "style": Object {
              "alignItems": "center",
              "flexDirection": "row",
              "justifyContent": "space-between",
              "width": "100%",
            },
          },
          "ref": null,
          "rendered": Array [
            Object {
              "instance": null,
              "key": undefined,
              "nodeType": "class",
              "props": Object {
                "animationType": "timing",
                "debugTouchArea": false,
                "maximumTrackTintColor": "#b3b3b3",
                "maximumValue": 50000,
                "minimumTrackTintColor": "#14567A",
                "minimumValue": 0,
                "onSlidingComplete": [Function],
                "onValueChange": [Function],
                "step": 100,
                "style": Object {
                  "height": 40,
                  "width": "80%",
                },
                "thumbTintColor": "#14567A",
                "thumbTouchSize": Object {
                  "height": 40,
                  "width": 40,
                },
                "value": 50,
              },
              "ref": null,
              "rendered": null,
              "type": [Function],
            },
            Object {
              "instance": null,
              "key": undefined,
              "nodeType": "class",
              "props": Object {
                "children": "R$ 50",
                "style": Object {
                  "alignSelf": "center",
                  "textAlign": "center",
                  "textAlignVertical": "center",
                  "width": "20%",
                },
              },
              "ref": null,
              "rendered": "R$ 50",
              "type": [Function],
            },
          ],
          "type": [Function],
        },
      ],
      "type": [Function],
    },
  ],
  Symbol(enzyme.__options__): Object {
    "adapter": ReactSixteenAdapter {
      "options": Object {
        "enableComponentDidUpdateOnSetState": true,
      },
    },
  },
}
`;
